// Vitest Snapshot v1, https://vitest.dev/guide/snapshot.html

exports[`should match snapshot 1`] = `
<div
  className="vitest-1 my-6 mt-24 flex items-center justify-center"
>
  <div
    className="rounded-full shadow-pq-m"
  >
    <ForwardRef
      alt="Loading"
      className="animate-spin"
      priority={true}
      src="/public/images/spinner.svg"
    />
  </div>
</div>
`;
